../Core/Src/liquidcrystal_i2c.c:49:6:HD44780_Init	16	static
../Core/Src/liquidcrystal_i2c.c:104:6:HD44780_Clear	8	static
../Core/Src/liquidcrystal_i2c.c:110:6:HD44780_Home	8	static
../Core/Src/liquidcrystal_i2c.c:116:6:HD44780_SetCursor	40	static
../Core/Src/liquidcrystal_i2c.c:126:6:HD44780_NoDisplay	8	static
../Core/Src/liquidcrystal_i2c.c:132:6:HD44780_Display	8	static
../Core/Src/liquidcrystal_i2c.c:138:6:HD44780_NoCursor	8	static
../Core/Src/liquidcrystal_i2c.c:144:6:HD44780_Cursor	8	static
../Core/Src/liquidcrystal_i2c.c:150:6:HD44780_NoBlink	8	static
../Core/Src/liquidcrystal_i2c.c:156:6:HD44780_Blink	8	static
../Core/Src/liquidcrystal_i2c.c:162:6:HD44780_ScrollDisplayLeft	8	static
../Core/Src/liquidcrystal_i2c.c:167:6:HD44780_ScrollDisplayRight	8	static
../Core/Src/liquidcrystal_i2c.c:172:6:HD44780_LeftToRight	8	static
../Core/Src/liquidcrystal_i2c.c:178:6:HD44780_RightToLeft	8	static
../Core/Src/liquidcrystal_i2c.c:184:6:HD44780_AutoScroll	8	static
../Core/Src/liquidcrystal_i2c.c:190:6:HD44780_NoAutoScroll	8	static
../Core/Src/liquidcrystal_i2c.c:196:6:HD44780_CreateSpecialChar	24	static
../Core/Src/liquidcrystal_i2c.c:206:6:HD44780_PrintSpecialChar	16	static
../Core/Src/liquidcrystal_i2c.c:211:6:HD44780_LoadCustomCharacter	16	static
../Core/Src/liquidcrystal_i2c.c:216:6:HD44780_PrintStr	16	static
../Core/Src/liquidcrystal_i2c.c:221:6:HD44780_SetBacklight	16	static
../Core/Src/liquidcrystal_i2c.c:227:6:HD44780_NoBacklight	8	static
../Core/Src/liquidcrystal_i2c.c:233:6:HD44780_Backlight	8	static
../Core/Src/liquidcrystal_i2c.c:239:13:SendCommand	16	static
../Core/Src/liquidcrystal_i2c.c:244:13:SendChar	16	static
../Core/Src/liquidcrystal_i2c.c:249:13:Send	24	static
../Core/Src/liquidcrystal_i2c.c:257:13:Write4Bits	16	static
../Core/Src/liquidcrystal_i2c.c:263:13:ExpanderWrite	32	static
../Core/Src/liquidcrystal_i2c.c:269:13:PulseEnable	16	static
../Core/Src/liquidcrystal_i2c.c:278:13:DelayInit	4	static,ignoring_inline_asm
../Core/Src/liquidcrystal_i2c.c:294:13:DelayUS	32	static
