../Core/Src/main.c:82:6:led1test	8	static
../Core/Src/main.c:85:6:I2C_Scan	112	static
../Core/Src/main.c:104:19:LCD_SendInternal	32	static
../Core/Src/main.c:126:6:LCD_SendCommand	16	static
../Core/Src/main.c:130:6:LCD_SendData	16	static
../Core/Src/main.c:134:6:LCD_Init	16	static
../Core/Src/main.c:145:6:LCD_SendString	16	static
../Core/Src/main.c:153:6:init	8	static
../Core/Src/main.c:166:6:loop	8	static
../Core/Src/main.c:175:5:main	88	static
../Core/Src/main.c:240:6:SystemClock_Config	72	static
../Core/Src/main.c:280:13:MX_I2C1_Init	8	static
../Core/Src/main.c:314:13:MX_TIM2_Init	32	static
../Core/Src/main.c:359:13:MX_USART2_UART_Init	8	static
../Core/Src/main.c:392:13:MX_GPIO_Init	40	static
../Core/Src/main.c:430:6:HAL_TIM_PeriodElapsedCallback	16	static
../Core/Src/main.c:441:6:Error_Handler	4	static,ignoring_inline_asm
