11:20:33 **** Incremental Build of configuration Debug for project lcd16x2 ****
make -j12 all 
arm-none-eabi-gcc "../Core/Src/main.c" -mcpu=cortex-m3 -std=gnu11 -g3 -DDEBUG -DUSE_HAL_DRIVER -DSTM32F103xB -c -I../Core/Inc -I../Drivers/STM32F1xx_HAL_Driver/Inc -I../Drivers/STM32F1xx_HAL_Driver/Inc/Legacy -I../Drivers/CMSIS/Device/ST/STM32F1xx/Include -I../Drivers/CMSIS/Include -O0 -ffunction-sections -fdata-sections -Wall -fstack-usage -MMD -MP -MF"Core/Src/main.d" -MT"Core/Src/main.o" --specs=nano.specs -mfloat-abi=soft -mthumb -o "Core/Src/main.o"
arm-none-eabi-gcc -o "lcd16x2.elf" @"objects.list"   -mcpu=cortex-m3 -T"D:\OneDrive\FileBK_next\DoAn\Expansion_shield_STMNucleo\STM32\lcd16x2\STM32F103RBTX_FLASH.ld" --specs=nosys.specs -Wl,-Map="lcd16x2.map" -Wl,--gc-sections -static --specs=nano.specs -mfloat-abi=soft -mthumb -Wl,--start-group -lc -lm -Wl,--end-group
Finished building target: lcd16x2.elf
 
arm-none-eabi-size   lcd16x2.elf 
arm-none-eabi-objdump -h -S  lcd16x2.elf  > "lcd16x2.list"
   text	   data	    bss	    dec	    hex	filename
  10100	    120	   1744	  11964	   2ebc	lcd16x2.elf
Finished building: default.size.stdout
 
Finished building: lcd16x2.list
 
11:21:23 **** Incremental Build of configuration Debug for project lcd16x2 ****
make -j12 all 
arm-none-eabi-gcc "../Core/Src/main.c" -mcpu=cortex-m3 -std=gnu11 -g3 -DDEBUG -DUSE_HAL_DRIVER -DSTM32F103xB -c -I../Core/Inc -I../Drivers/STM32F1xx_HAL_Driver/Inc -I../Drivers/STM32F1xx_HAL_Driver/Inc/Legacy -I../Drivers/CMSIS/Device/ST/STM32F1xx/Include -I../Drivers/CMSIS/Include -O0 -ffunction-sections -fdata-sections -Wall -fstack-usage -MMD -MP -MF"Core/Src/main.d" -MT"Core/Src/main.o" --specs=nano.specs -mfloat-abi=soft -mthumb -o "Core/Src/main.o"
arm-none-eabi-gcc -o "lcd16x2.elf" @"objects.list"   -mcpu=cortex-m3 -T"D:\OneDrive\FileBK_next\DoAn\Expansion_shield_STMNucleo\STM32\lcd16x2\STM32F103RBTX_FLASH.ld" --specs=nosys.specs -Wl,-Map="lcd16x2.map" -Wl,--gc-sections -static --specs=nano.specs -mfloat-abi=soft -mthumb -Wl,--start-group -lc -lm -Wl,--end-group
Finished building target: lcd16x2.elf
 
arm-none-eabi-size   lcd16x2.elf 
arm-none-eabi-objdump -h -S  lcd16x2.elf  > "lcd16x2.list"
   text	   data	    bss	    dec	    hex	filename
  11900	    120	   1744	  13764	   35c4	lcd16x2.elf
Finished building: default.size.stdout
 
Finished building: lcd16x2.list
 
11:21:59 **** Incremental Build of configuration Debug for project lcd16x2 ****
make -j12 all 
arm-none-eabi-size   lcd16x2.elf 
   text	   data	    bss	    dec	    hex	filename
  11900	    120	   1744	  13764	   35c4	lcd16x2.elf
Finished building: default.size.stdout
 
11:22:31 **** Incremental Build of configuration Debug for project lcd16x2 ****
make -j12 all 
arm-none-eabi-size   lcd16x2.elf 
   text	   data	    bss	    dec	    hex	filename
  11900	    120	   1744	  13764	   35c4	lcd16x2.elf
Finished building: default.size.stdout
 
11:31:22 **** Incremental Build of configuration Debug for project lcd16x2 ****
make -j12 all 
arm-none-eabi-size   lcd16x2.elf 
   text	   data	    bss	    dec	    hex	filename
  11900	    120	   1744	  13764	   35c4	lcd16x2.elf
Finished building: default.size.stdout
 
11:33:03 **** Incremental Build of configuration Debug for project lcd16x2 ****
make -j12 all 
arm-none-eabi-gcc "../Drivers/STM32F1xx_HAL_Driver/Src/stm32f1xx_hal.c" -mcpu=cortex-m3 -std=gnu11 -g3 -DDEBUG -DUSE_HAL_DRIVER -DSTM32F103xB -c -I../Core/Inc -I../Drivers/STM32F1xx_HAL_Driver/Inc -I../Drivers/STM32F1xx_HAL_Driver/Inc/Legacy -I../Drivers/CMSIS/Device/ST/STM32F1xx/Include -I../Drivers/CMSIS/Include -O0 -ffunction-sections -fdata-sections -Wall -fstack-usage -MMD -MP -MF"Drivers/STM32F1xx_HAL_Driver/Src/stm32f1xx_hal.d" -MT"Drivers/STM32F1xx_HAL_Driver/Src/stm32f1xx_hal.o" --specs=nano.specs -mfloat-abi=soft -mthumb -o "Drivers/STM32F1xx_HAL_Driver/Src/stm32f1xx_hal.o"
arm-none-eabi-gcc "../Drivers/STM32F1xx_HAL_Driver/Src/stm32f1xx_hal_cortex.c" -mcpu=cortex-m3 -std=gnu11 -g3 -DDEBUG -DUSE_HAL_DRIVER -DSTM32F103xB -c -I../Core/Inc -I../Drivers/STM32F1xx_HAL_Driver/Inc -I../Drivers/STM32F1xx_HAL_Driver/Inc/Legacy -I../Drivers/CMSIS/Device/ST/STM32F1xx/Include -I../Drivers/CMSIS/Include -O0 -ffunction-sections -fdata-sections -Wall -fstack-usage -MMD -MP -MF"Drivers/STM32F1xx_HAL_Driver/Src/stm32f1xx_hal_cortex.d" -MT"Drivers/STM32F1xx_HAL_Driver/Src/stm32f1xx_hal_cortex.o" --specs=nano.specs -mfloat-abi=soft -mthumb -o "Drivers/STM32F1xx_HAL_Driver/Src/stm32f1xx_hal_cortex.o"
arm-none-eabi-gcc "../Drivers/STM32F1xx_HAL_Driver/Src/stm32f1xx_hal_dma.c" -mcpu=cortex-m3 -std=gnu11 -g3 -DDEBUG -DUSE_HAL_DRIVER -DSTM32F103xB -c -I../Core/Inc -I../Drivers/STM32F1xx_HAL_Driver/Inc -I../Drivers/STM32F1xx_HAL_Driver/Inc/Legacy -I../Drivers/CMSIS/Device/ST/STM32F1xx/Include -I../Drivers/CMSIS/Include -O0 -ffunction-sections -fdata-sections -Wall -fstack-usage -MMD -MP -MF"Drivers/STM32F1xx_HAL_Driver/Src/stm32f1xx_hal_dma.d" -MT"Drivers/STM32F1xx_HAL_Driver/Src/stm32f1xx_hal_dma.o" --specs=nano.specs -mfloat-abi=soft -mthumb -o "Drivers/STM32F1xx_HAL_Driver/Src/stm32f1xx_hal_dma.o"
arm-none-eabi-gcc "../Drivers/STM32F1xx_HAL_Driver/Src/stm32f1xx_hal_exti.c" -mcpu=cortex-m3 -std=gnu11 -g3 -DDEBUG -DUSE_HAL_DRIVER -DSTM32F103xB -c -I../Core/Inc -I../Drivers/STM32F1xx_HAL_Driver/Inc -I../Drivers/STM32F1xx_HAL_Driver/Inc/Legacy -I../Drivers/CMSIS/Device/ST/STM32F1xx/Include -I../Drivers/CMSIS/Include -O0 -ffunction-sections -fdata-sections -Wall -fstack-usage -MMD -MP -MF"Drivers/STM32F1xx_HAL_Driver/Src/stm32f1xx_hal_exti.d" -MT"Drivers/STM32F1xx_HAL_Driver/Src/stm32f1xx_hal_exti.o" --specs=nano.specs -mfloat-abi=soft -mthumb -o "Drivers/STM32F1xx_HAL_Driver/Src/stm32f1xx_hal_exti.o"
arm-none-eabi-gcc "../Drivers/STM32F1xx_HAL_Driver/Src/stm32f1xx_hal_flash.c" -mcpu=cortex-m3 -std=gnu11 -g3 -DDEBUG -DUSE_HAL_DRIVER -DSTM32F103xB -c -I../Core/Inc -I../Drivers/STM32F1xx_HAL_Driver/Inc -I../Drivers/STM32F1xx_HAL_Driver/Inc/Legacy -I../Drivers/CMSIS/Device/ST/STM32F1xx/Include -I../Drivers/CMSIS/Include -O0 -ffunction-sections -fdata-sections -Wall -fstack-usage -MMD -MP -MF"Drivers/STM32F1xx_HAL_Driver/Src/stm32f1xx_hal_flash.d" -MT"Drivers/STM32F1xx_HAL_Driver/Src/stm32f1xx_hal_flash.o" --specs=nano.specs -mfloat-abi=soft -mthumb -o "Drivers/STM32F1xx_HAL_Driver/Src/stm32f1xx_hal_flash.o"
arm-none-eabi-gcc "../Drivers/STM32F1xx_HAL_Driver/Src/stm32f1xx_hal_flash_ex.c" -mcpu=cortex-m3 -std=gnu11 -g3 -DDEBUG -DUSE_HAL_DRIVER -DSTM32F103xB -c -I../Core/Inc -I../Drivers/STM32F1xx_HAL_Driver/Inc -I../Drivers/STM32F1xx_HAL_Driver/Inc/Legacy -I../Drivers/CMSIS/Device/ST/STM32F1xx/Include -I../Drivers/CMSIS/Include -O0 -ffunction-sections -fdata-sections -Wall -fstack-usage -MMD -MP -MF"Drivers/STM32F1xx_HAL_Driver/Src/stm32f1xx_hal_flash_ex.d" -MT"Drivers/STM32F1xx_HAL_Driver/Src/stm32f1xx_hal_flash_ex.o" --specs=nano.specs -mfloat-abi=soft -mthumb -o "Drivers/STM32F1xx_HAL_Driver/Src/stm32f1xx_hal_flash_ex.o"
arm-none-eabi-gcc "../Drivers/STM32F1xx_HAL_Driver/Src/stm32f1xx_hal_gpio.c" -mcpu=cortex-m3 -std=gnu11 -g3 -DDEBUG -DUSE_HAL_DRIVER -DSTM32F103xB -c -I../Core/Inc -I../Drivers/STM32F1xx_HAL_Driver/Inc -I../Drivers/STM32F1xx_HAL_Driver/Inc/Legacy -I../Drivers/CMSIS/Device/ST/STM32F1xx/Include -I../Drivers/CMSIS/Include -O0 -ffunction-sections -fdata-sections -Wall -fstack-usage -MMD -MP -MF"Drivers/STM32F1xx_HAL_Driver/Src/stm32f1xx_hal_gpio.d" -MT"Drivers/STM32F1xx_HAL_Driver/Src/stm32f1xx_hal_gpio.o" --specs=nano.specs -mfloat-abi=soft -mthumb -o "Drivers/STM32F1xx_HAL_Driver/Src/stm32f1xx_hal_gpio.o"
arm-none-eabi-gcc "../Drivers/STM32F1xx_HAL_Driver/Src/stm32f1xx_hal_gpio_ex.c" -mcpu=cortex-m3 -std=gnu11 -g3 -DDEBUG -DUSE_HAL_DRIVER -DSTM32F103xB -c -I../Core/Inc -I../Drivers/STM32F1xx_HAL_Driver/Inc -I../Drivers/STM32F1xx_HAL_Driver/Inc/Legacy -I../Drivers/CMSIS/Device/ST/STM32F1xx/Include -I../Drivers/CMSIS/Include -O0 -ffunction-sections -fdata-sections -Wall -fstack-usage -MMD -MP -MF"Drivers/STM32F1xx_HAL_Driver/Src/stm32f1xx_hal_gpio_ex.d" -MT"Drivers/STM32F1xx_HAL_Driver/Src/stm32f1xx_hal_gpio_ex.o" --specs=nano.specs -mfloat-abi=soft -mthumb -o "Drivers/STM32F1xx_HAL_Driver/Src/stm32f1xx_hal_gpio_ex.o"
arm-none-eabi-gcc "../Drivers/STM32F1xx_HAL_Driver/Src/stm32f1xx_hal_i2c.c" -mcpu=cortex-m3 -std=gnu11 -g3 -DDEBUG -DUSE_HAL_DRIVER -DSTM32F103xB -c -I../Core/Inc -I../Drivers/STM32F1xx_HAL_Driver/Inc -I../Drivers/STM32F1xx_HAL_Driver/Inc/Legacy -I../Drivers/CMSIS/Device/ST/STM32F1xx/Include -I../Drivers/CMSIS/Include -O0 -ffunction-sections -fdata-sections -Wall -fstack-usage -MMD -MP -MF"Drivers/STM32F1xx_HAL_Driver/Src/stm32f1xx_hal_i2c.d" -MT"Drivers/STM32F1xx_HAL_Driver/Src/stm32f1xx_hal_i2c.o" --specs=nano.specs -mfloat-abi=soft -mthumb -o "Drivers/STM32F1xx_HAL_Driver/Src/stm32f1xx_hal_i2c.o"
arm-none-eabi-gcc "../Drivers/STM32F1xx_HAL_Driver/Src/stm32f1xx_hal_pwr.c" -mcpu=cortex-m3 -std=gnu11 -g3 -DDEBUG -DUSE_HAL_DRIVER -DSTM32F103xB -c -I../Core/Inc -I../Drivers/STM32F1xx_HAL_Driver/Inc -I../Drivers/STM32F1xx_HAL_Driver/Inc/Legacy -I../Drivers/CMSIS/Device/ST/STM32F1xx/Include -I../Drivers/CMSIS/Include -O0 -ffunction-sections -fdata-sections -Wall -fstack-usage -MMD -MP -MF"Drivers/STM32F1xx_HAL_Driver/Src/stm32f1xx_hal_pwr.d" -MT"Drivers/STM32F1xx_HAL_Driver/Src/stm32f1xx_hal_pwr.o" --specs=nano.specs -mfloat-abi=soft -mthumb -o "Drivers/STM32F1xx_HAL_Driver/Src/stm32f1xx_hal_pwr.o"
arm-none-eabi-gcc "../Drivers/STM32F1xx_HAL_Driver/Src/stm32f1xx_hal_rcc.c" -mcpu=cortex-m3 -std=gnu11 -g3 -DDEBUG -DUSE_HAL_DRIVER -DSTM32F103xB -c -I../Core/Inc -I../Drivers/STM32F1xx_HAL_Driver/Inc -I../Drivers/STM32F1xx_HAL_Driver/Inc/Legacy -I../Drivers/CMSIS/Device/ST/STM32F1xx/Include -I../Drivers/CMSIS/Include -O0 -ffunction-sections -fdata-sections -Wall -fstack-usage -MMD -MP -MF"Drivers/STM32F1xx_HAL_Driver/Src/stm32f1xx_hal_rcc.d" -MT"Drivers/STM32F1xx_HAL_Driver/Src/stm32f1xx_hal_rcc.o" --specs=nano.specs -mfloat-abi=soft -mthumb -o "Drivers/STM32F1xx_HAL_Driver/Src/stm32f1xx_hal_rcc.o"
arm-none-eabi-gcc "../Drivers/STM32F1xx_HAL_Driver/Src/stm32f1xx_hal_rcc_ex.c" -mcpu=cortex-m3 -std=gnu11 -g3 -DDEBUG -DUSE_HAL_DRIVER -DSTM32F103xB -c -I../Core/Inc -I../Drivers/STM32F1xx_HAL_Driver/Inc -I../Drivers/STM32F1xx_HAL_Driver/Inc/Legacy -I../Drivers/CMSIS/Device/ST/STM32F1xx/Include -I../Drivers/CMSIS/Include -O0 -ffunction-sections -fdata-sections -Wall -fstack-usage -MMD -MP -MF"Drivers/STM32F1xx_HAL_Driver/Src/stm32f1xx_hal_rcc_ex.d" -MT"Drivers/STM32F1xx_HAL_Driver/Src/stm32f1xx_hal_rcc_ex.o" --specs=nano.specs -mfloat-abi=soft -mthumb -o "Drivers/STM32F1xx_HAL_Driver/Src/stm32f1xx_hal_rcc_ex.o"
arm-none-eabi-gcc "../Drivers/STM32F1xx_HAL_Driver/Src/stm32f1xx_hal_tim.c" -mcpu=cortex-m3 -std=gnu11 -g3 -DDEBUG -DUSE_HAL_DRIVER -DSTM32F103xB -c -I../Core/Inc -I../Drivers/STM32F1xx_HAL_Driver/Inc -I../Drivers/STM32F1xx_HAL_Driver/Inc/Legacy -I../Drivers/CMSIS/Device/ST/STM32F1xx/Include -I../Drivers/CMSIS/Include -O0 -ffunction-sections -fdata-sections -Wall -fstack-usage -MMD -MP -MF"Drivers/STM32F1xx_HAL_Driver/Src/stm32f1xx_hal_tim.d" -MT"Drivers/STM32F1xx_HAL_Driver/Src/stm32f1xx_hal_tim.o" --specs=nano.specs -mfloat-abi=soft -mthumb -o "Drivers/STM32F1xx_HAL_Driver/Src/stm32f1xx_hal_tim.o"
arm-none-eabi-gcc "../Drivers/STM32F1xx_HAL_Driver/Src/stm32f1xx_hal_tim_ex.c" -mcpu=cortex-m3 -std=gnu11 -g3 -DDEBUG -DUSE_HAL_DRIVER -DSTM32F103xB -c -I../Core/Inc -I../Drivers/STM32F1xx_HAL_Driver/Inc -I../Drivers/STM32F1xx_HAL_Driver/Inc/Legacy -I../Drivers/CMSIS/Device/ST/STM32F1xx/Include -I../Drivers/CMSIS/Include -O0 -ffunction-sections -fdata-sections -Wall -fstack-usage -MMD -MP -MF"Drivers/STM32F1xx_HAL_Driver/Src/stm32f1xx_hal_tim_ex.d" -MT"Drivers/STM32F1xx_HAL_Driver/Src/stm32f1xx_hal_tim_ex.o" --specs=nano.specs -mfloat-abi=soft -mthumb -o "Drivers/STM32F1xx_HAL_Driver/Src/stm32f1xx_hal_tim_ex.o"
arm-none-eabi-gcc "../Drivers/STM32F1xx_HAL_Driver/Src/stm32f1xx_hal_uart.c" -mcpu=cortex-m3 -std=gnu11 -g3 -DDEBUG -DUSE_HAL_DRIVER -DSTM32F103xB -c -I../Core/Inc -I../Drivers/STM32F1xx_HAL_Driver/Inc -I../Drivers/STM32F1xx_HAL_Driver/Inc/Legacy -I../Drivers/CMSIS/Device/ST/STM32F1xx/Include -I../Drivers/CMSIS/Include -O0 -ffunction-sections -fdata-sections -Wall -fstack-usage -MMD -MP -MF"Drivers/STM32F1xx_HAL_Driver/Src/stm32f1xx_hal_uart.d" -MT"Drivers/STM32F1xx_HAL_Driver/Src/stm32f1xx_hal_uart.o" --specs=nano.specs -mfloat-abi=soft -mthumb -o "Drivers/STM32F1xx_HAL_Driver/Src/stm32f1xx_hal_uart.o"
arm-none-eabi-gcc "../Core/Src/i2c-lcd.c" -mcpu=cortex-m3 -std=gnu11 -g3 -DDEBUG -DUSE_HAL_DRIVER -DSTM32F103xB -c -I../Core/Inc -I../Drivers/STM32F1xx_HAL_Driver/Inc -I../Drivers/STM32F1xx_HAL_Driver/Inc/Legacy -I../Drivers/CMSIS/Device/ST/STM32F1xx/Include -I../Drivers/CMSIS/Include -O0 -ffunction-sections -fdata-sections -Wall -fstack-usage -MMD -MP -MF"Core/Src/i2c-lcd.d" -MT"Core/Src/i2c-lcd.o" --specs=nano.specs -mfloat-abi=soft -mthumb -o "Core/Src/i2c-lcd.o"
arm-none-eabi-gcc "../Core/Src/main.c" -mcpu=cortex-m3 -std=gnu11 -g3 -DDEBUG -DUSE_HAL_DRIVER -DSTM32F103xB -c -I../Core/Inc -I../Drivers/STM32F1xx_HAL_Driver/Inc -I../Drivers/STM32F1xx_HAL_Driver/Inc/Legacy -I../Drivers/CMSIS/Device/ST/STM32F1xx/Include -I../Drivers/CMSIS/Include -O0 -ffunction-sections -fdata-sections -Wall -fstack-usage -MMD -MP -MF"Core/Src/main.d" -MT"Core/Src/main.o" --specs=nano.specs -mfloat-abi=soft -mthumb -o "Core/Src/main.o"
arm-none-eabi-gcc "../Core/Src/stm32f1xx_hal_msp.c" -mcpu=cortex-m3 -std=gnu11 -g3 -DDEBUG -DUSE_HAL_DRIVER -DSTM32F103xB -c -I../Core/Inc -I../Drivers/STM32F1xx_HAL_Driver/Inc -I../Drivers/STM32F1xx_HAL_Driver/Inc/Legacy -I../Drivers/CMSIS/Device/ST/STM32F1xx/Include -I../Drivers/CMSIS/Include -O0 -ffunction-sections -fdata-sections -Wall -fstack-usage -MMD -MP -MF"Core/Src/stm32f1xx_hal_msp.d" -MT"Core/Src/stm32f1xx_hal_msp.o" --specs=nano.specs -mfloat-abi=soft -mthumb -o "Core/Src/stm32f1xx_hal_msp.o"
arm-none-eabi-gcc "../Core/Src/stm32f1xx_it.c" -mcpu=cortex-m3 -std=gnu11 -g3 -DDEBUG -DUSE_HAL_DRIVER -DSTM32F103xB -c -I../Core/Inc -I../Drivers/STM32F1xx_HAL_Driver/Inc -I../Drivers/STM32F1xx_HAL_Driver/Inc/Legacy -I../Drivers/CMSIS/Device/ST/STM32F1xx/Include -I../Drivers/CMSIS/Include -O0 -ffunction-sections -fdata-sections -Wall -fstack-usage -MMD -MP -MF"Core/Src/stm32f1xx_it.d" -MT"Core/Src/stm32f1xx_it.o" --specs=nano.specs -mfloat-abi=soft -mthumb -o "Core/Src/stm32f1xx_it.o"
arm-none-eabi-gcc "../Core/Src/system_stm32f1xx.c" -mcpu=cortex-m3 -std=gnu11 -g3 -DDEBUG -DUSE_HAL_DRIVER -DSTM32F103xB -c -I../Core/Inc -I../Drivers/STM32F1xx_HAL_Driver/Inc -I../Drivers/STM32F1xx_HAL_Driver/Inc/Legacy -I../Drivers/CMSIS/Device/ST/STM32F1xx/Include -I../Drivers/CMSIS/Include -O0 -ffunction-sections -fdata-sections -Wall -fstack-usage -MMD -MP -MF"Core/Src/system_stm32f1xx.d" -MT"Core/Src/system_stm32f1xx.o" --specs=nano.specs -mfloat-abi=soft -mthumb -o "Core/Src/system_stm32f1xx.o"
arm-none-eabi-gcc -o "lcd16x2.elf" @"objects.list"   -mcpu=cortex-m3 -T"D:\OneDrive\FileBK_next\DoAn\Expansion_shield_STMNucleo\STM32\lcd16x2\STM32F103RBTX_FLASH.ld" --specs=nosys.specs -Wl,-Map="lcd16x2.map" -Wl,--gc-sections -static --specs=nano.specs -mfloat-abi=soft -mthumb -Wl,--start-group -lc -lm -Wl,--end-group
Finished building target: lcd16x2.elf
 
arm-none-eabi-size   lcd16x2.elf 
arm-none-eabi-objdump -h -S  lcd16x2.elf  > "lcd16x2.list"
   text	   data	    bss	    dec	    hex	filename
   8132	     20	   1724	   9876	   2694	lcd16x2.elf
Finished building: default.size.stdout
 
Finished building: lcd16x2.list
 
11:34:07 **** Incremental Build of configuration Debug for project lcd16x2 ****
make -j12 all 
arm-none-eabi-size   lcd16x2.elf 
   text	   data	    bss	    dec	    hex	filename
   8132	     20	   1724	   9876	   2694	lcd16x2.elf
Finished building: default.size.stdout
 
11:34:53 **** Incremental Build of configuration Debug for project lcd16x2 ****
make -j12 all 
arm-none-eabi-gcc "../Core/Src/main.c" -mcpu=cortex-m3 -std=gnu11 -g3 -DDEBUG -DUSE_HAL_DRIVER -DSTM32F103xB -c -I../Core/Inc -I../Drivers/STM32F1xx_HAL_Driver/Inc -I../Drivers/STM32F1xx_HAL_Driver/Inc/Legacy -I../Drivers/CMSIS/Device/ST/STM32F1xx/Include -I../Drivers/CMSIS/Include -O0 -ffunction-sections -fdata-sections -Wall -fstack-usage -MMD -MP -MF"Core/Src/main.d" -MT"Core/Src/main.o" --specs=nano.specs -mfloat-abi=soft -mthumb -o "Core/Src/main.o"
arm-none-eabi-gcc -o "lcd16x2.elf" @"objects.list"   -mcpu=cortex-m3 -T"D:\OneDrive\FileBK_next\DoAn\Expansion_shield_STMNucleo\STM32\lcd16x2\STM32F103RBTX_FLASH.ld" --specs=nosys.specs -Wl,-Map="lcd16x2.map" -Wl,--gc-sections -static --specs=nano.specs -mfloat-abi=soft -mthumb -Wl,--start-group -lc -lm -Wl,--end-group
Finished building target: lcd16x2.elf
 
arm-none-eabi-size   lcd16x2.elf 
arm-none-eabi-objdump -h -S  lcd16x2.elf  > "lcd16x2.list"
   text	   data	    bss	    dec	    hex	filename
   8148	     20	   1724	   9892	   26a4	lcd16x2.elf
Finished building: default.size.stdout
 
Finished building: lcd16x2.list
 
11:36:28 **** Incremental Build of configuration Debug for project lcd16x2 ****
make -j12 all 
arm-none-eabi-size   lcd16x2.elf 
   text	   data	    bss	    dec	    hex	filename
   8148	     20	   1724	   9892	   26a4	lcd16x2.elf
Finished building: default.size.stdout
 
11:37:19 **** Incremental Build of configuration Debug for project lcd16x2 ****
make -j12 all 
arm-none-eabi-gcc "../Core/Src/main.c" -mcpu=cortex-m3 -std=gnu11 -g3 -DDEBUG -DUSE_HAL_DRIVER -DSTM32F103xB -c -I../Core/Inc -I../Drivers/STM32F1xx_HAL_Driver/Inc -I../Drivers/STM32F1xx_HAL_Driver/Inc/Legacy -I../Drivers/CMSIS/Device/ST/STM32F1xx/Include -I../Drivers/CMSIS/Include -O0 -ffunction-sections -fdata-sections -Wall -fstack-usage -MMD -MP -MF"Core/Src/main.d" -MT"Core/Src/main.o" --specs=nano.specs -mfloat-abi=soft -mthumb -o "Core/Src/main.o"
arm-none-eabi-gcc -o "lcd16x2.elf" @"objects.list"   -mcpu=cortex-m3 -T"D:\OneDrive\FileBK_next\DoAn\Expansion_shield_STMNucleo\STM32\lcd16x2\STM32F103RBTX_FLASH.ld" --specs=nosys.specs -Wl,-Map="lcd16x2.map" -Wl,--gc-sections -static --specs=nano.specs -mfloat-abi=soft -mthumb -Wl,--start-group -lc -lm -Wl,--end-group
Finished building target: lcd16x2.elf
 
arm-none-eabi-size   lcd16x2.elf 
arm-none-eabi-objdump -h -S  lcd16x2.elf  > "lcd16x2.list"
   text	   data	    bss	    dec	    hex	filename
   8132	     20	   1724	   9876	   2694	lcd16x2.elf
Finished building: default.size.stdout
 
Finished building: lcd16x2.list
 
11:39:58 **** Incremental Build of configuration Debug for project lcd16x2 ****
make -j12 all 
arm-none-eabi-size   lcd16x2.elf 
   text	   data	    bss	    dec	    hex	filename
   8132	     20	   1724	   9876	   2694	lcd16x2.elf
Finished building: default.size.stdout
 
11:41:41 **** Incremental Build of configuration Debug for project lcd16x2 ****
make -j12 all 
arm-none-eabi-size   lcd16x2.elf 
   text	   data	    bss	    dec	    hex	filename
   8132	     20	   1724	   9876	   2694	lcd16x2.elf
Finished building: default.size.stdout
 
11:42:25 **** Incremental Build of configuration Debug for project lcd16x2 ****
make -j12 all 
arm-none-eabi-gcc "../Core/Src/main.c" -mcpu=cortex-m3 -std=gnu11 -g3 -DDEBUG -DUSE_HAL_DRIVER -DSTM32F103xB -c -I../Core/Inc -I../Drivers/STM32F1xx_HAL_Driver/Inc -I../Drivers/STM32F1xx_HAL_Driver/Inc/Legacy -I../Drivers/CMSIS/Device/ST/STM32F1xx/Include -I../Drivers/CMSIS/Include -O0 -ffunction-sections -fdata-sections -Wall -fstack-usage -MMD -MP -MF"Core/Src/main.d" -MT"Core/Src/main.o" --specs=nano.specs -mfloat-abi=soft -mthumb -o "Core/Src/main.o"
arm-none-eabi-gcc -o "lcd16x2.elf" @"objects.list"   -mcpu=cortex-m3 -T"D:\OneDrive\FileBK_next\DoAn\Expansion_shield_STMNucleo\STM32\lcd16x2\STM32F103RBTX_FLASH.ld" --specs=nosys.specs -Wl,-Map="lcd16x2.map" -Wl,--gc-sections -static --specs=nano.specs -mfloat-abi=soft -mthumb -Wl,--start-group -lc -lm -Wl,--end-group
Finished building target: lcd16x2.elf
 
arm-none-eabi-size   lcd16x2.elf 
arm-none-eabi-objdump -h -S  lcd16x2.elf  > "lcd16x2.list"
   text	   data	    bss	    dec	    hex	filename
  11900	    120	   1744	  13764	   35c4	lcd16x2.elf
Finished building: default.size.stdout
 
Finished building: lcd16x2.list
 
11:45:35 **** Incremental Build of configuration Debug for project lcd16x2 ****
make -j12 all 
arm-none-eabi-gcc "../Core/Src/i2c-lcd.c" -mcpu=cortex-m3 -std=gnu11 -g3 -DDEBUG -DUSE_HAL_DRIVER -DSTM32F103xB -c -I../Core/Inc -I../Drivers/STM32F1xx_HAL_Driver/Inc -I../Drivers/STM32F1xx_HAL_Driver/Inc/Legacy -I../Drivers/CMSIS/Device/ST/STM32F1xx/Include -I../Drivers/CMSIS/Include -O0 -ffunction-sections -fdata-sections -Wall -fstack-usage -MMD -MP -MF"Core/Src/i2c-lcd.d" -MT"Core/Src/i2c-lcd.o" --specs=nano.specs -mfloat-abi=soft -mthumb -o "Core/Src/i2c-lcd.o"
arm-none-eabi-gcc -o "lcd16x2.elf" @"objects.list"   -mcpu=cortex-m3 -T"D:\OneDrive\FileBK_next\DoAn\Expansion_shield_STMNucleo\STM32\lcd16x2\STM32F103RBTX_FLASH.ld" --specs=nosys.specs -Wl,-Map="lcd16x2.map" -Wl,--gc-sections -static --specs=nano.specs -mfloat-abi=soft -mthumb -Wl,--start-group -lc -lm -Wl,--end-group
Finished building target: lcd16x2.elf
 
arm-none-eabi-size   lcd16x2.elf 
arm-none-eabi-objdump -h -S  lcd16x2.elf  > "lcd16x2.list"
   text	   data	    bss	    dec	    hex	filename
  11900	    120	   1744	  13764	   35c4	lcd16x2.elf
Finished building: default.size.stdout
 
Finished building: lcd16x2.list
 
11:47:42 **** Incremental Build of configuration Debug for project lcd16x2 ****
make -j12 all 
arm-none-eabi-size   lcd16x2.elf 
   text	   data	    bss	    dec	    hex	filename
  11900	    120	   1744	  13764	   35c4	lcd16x2.elf
Finished building: default.size.stdout
 
11:48:09 **** Incremental Build of configuration Debug for project lcd16x2 ****
make -j12 all 
arm-none-eabi-size   lcd16x2.elf 
   text	   data	    bss	    dec	    hex	filename
  11900	    120	   1744	  13764	   35c4	lcd16x2.elf
Finished building: default.size.stdout
 
11:48:46 **** Incremental Build of configuration Debug for project lcd16x2 ****
make -j12 all 
arm-none-eabi-size   lcd16x2.elf 
   text	   data	    bss	    dec	    hex	filename
  11900	    120	   1744	  13764	   35c4	lcd16x2.elf
Finished building: default.size.stdout
 
11:51:39 **** Incremental Build of configuration Debug for project lcd16x2 ****
make -j12 all 
arm-none-eabi-gcc "../Core/Src/i2c-lcd.c" -mcpu=cortex-m3 -std=gnu11 -g3 -DDEBUG -DUSE_HAL_DRIVER -DSTM32F103xB -c -I../Core/Inc -I../Drivers/STM32F1xx_HAL_Driver/Inc -I../Drivers/STM32F1xx_HAL_Driver/Inc/Legacy -I../Drivers/CMSIS/Device/ST/STM32F1xx/Include -I../Drivers/CMSIS/Include -O0 -ffunction-sections -fdata-sections -Wall -fstack-usage -MMD -MP -MF"Core/Src/i2c-lcd.d" -MT"Core/Src/i2c-lcd.o" --specs=nano.specs -mfloat-abi=soft -mthumb -o "Core/Src/i2c-lcd.o"
arm-none-eabi-gcc -o "lcd16x2.elf" @"objects.list"   -mcpu=cortex-m3 -T"D:\OneDrive\FileBK_next\DoAn\Expansion_shield_STMNucleo\STM32\lcd16x2\STM32F103RBTX_FLASH.ld" --specs=nosys.specs -Wl,-Map="lcd16x2.map" -Wl,--gc-sections -static --specs=nano.specs -mfloat-abi=soft -mthumb -Wl,--start-group -lc -lm -Wl,--end-group
Finished building target: lcd16x2.elf
 
arm-none-eabi-size   lcd16x2.elf 
arm-none-eabi-objdump -h -S  lcd16x2.elf  > "lcd16x2.list"
   text	   data	    bss	    dec	    hex	filename
  11900	    120	   1744	  13764	   35c4	lcd16x2.elf
Finished building: default.size.stdout
 
Finished building: lcd16x2.list
 
11:52:23 **** Incremental Build of configuration Debug for project lcd16x2 ****
make -j12 all 
arm-none-eabi-gcc "../Core/Src/i2c-lcd.c" -mcpu=cortex-m3 -std=gnu11 -g3 -DDEBUG -DUSE_HAL_DRIVER -DSTM32F103xB -c -I../Core/Inc -I../Drivers/STM32F1xx_HAL_Driver/Inc -I../Drivers/STM32F1xx_HAL_Driver/Inc/Legacy -I../Drivers/CMSIS/Device/ST/STM32F1xx/Include -I../Drivers/CMSIS/Include -O0 -ffunction-sections -fdata-sections -Wall -fstack-usage -MMD -MP -MF"Core/Src/i2c-lcd.d" -MT"Core/Src/i2c-lcd.o" --specs=nano.specs -mfloat-abi=soft -mthumb -o "Core/Src/i2c-lcd.o"
arm-none-eabi-gcc "../Core/Src/main.c" -mcpu=cortex-m3 -std=gnu11 -g3 -DDEBUG -DUSE_HAL_DRIVER -DSTM32F103xB -c -I../Core/Inc -I../Drivers/STM32F1xx_HAL_Driver/Inc -I../Drivers/STM32F1xx_HAL_Driver/Inc/Legacy -I../Drivers/CMSIS/Device/ST/STM32F1xx/Include -I../Drivers/CMSIS/Include -O0 -ffunction-sections -fdata-sections -Wall -fstack-usage -MMD -MP -MF"Core/Src/main.d" -MT"Core/Src/main.o" --specs=nano.specs -mfloat-abi=soft -mthumb -o "Core/Src/main.o"
arm-none-eabi-gcc -o "lcd16x2.elf" @"objects.list"   -mcpu=cortex-m3 -T"D:\OneDrive\FileBK_next\DoAn\Expansion_shield_STMNucleo\STM32\lcd16x2\STM32F103RBTX_FLASH.ld" --specs=nosys.specs -Wl,-Map="lcd16x2.map" -Wl,--gc-sections -static --specs=nano.specs -mfloat-abi=soft -mthumb -Wl,--start-group -lc -lm -Wl,--end-group
Finished building target: lcd16x2.elf
 
arm-none-eabi-size   lcd16x2.elf 
arm-none-eabi-objdump -h -S  lcd16x2.elf  > "lcd16x2.list"
   text	   data	    bss	    dec	    hex	filename
  11900	    120	   1744	  13764	   35c4	lcd16x2.elf
Finished building: default.size.stdout
 
Finished building: lcd16x2.list
 
11:58:13 **** Incremental Build of configuration Debug for project lcd16x2 ****
make -j12 all 
arm-none-eabi-size   lcd16x2.elf 
   text	   data	    bss	    dec	    hex	filename
  11900	    120	   1744	  13764	   35c4	lcd16x2.elf
Finished building: default.size.stdout
 
11:58:30 **** Incremental Build of configuration Debug for project lcd16x2 ****
make -j12 all 
arm-none-eabi-size   lcd16x2.elf 
   text	   data	    bss	    dec	    hex	filename
  11900	    120	   1744	  13764	   35c4	lcd16x2.elf
Finished building: default.size.stdout
 
11:59:00 **** Incremental Build of configuration Debug for project lcd16x2 ****
make -j12 all 
arm-none-eabi-size   lcd16x2.elf 
   text	   data	    bss	    dec	    hex	filename
  11900	    120	   1744	  13764	   35c4	lcd16x2.elf
Finished building: default.size.stdout
 
12:03:08 **** Incremental Build of configuration Debug for project lcd16x2 ****
make -j12 all 
arm-none-eabi-gcc "../Core/Src/i2c-lcd.c" -mcpu=cortex-m3 -std=gnu11 -g3 -DDEBUG -DUSE_HAL_DRIVER -DSTM32F103xB -c -I../Core/Inc -I../Drivers/STM32F1xx_HAL_Driver/Inc -I../Drivers/STM32F1xx_HAL_Driver/Inc/Legacy -I../Drivers/CMSIS/Device/ST/STM32F1xx/Include -I../Drivers/CMSIS/Include -O0 -ffunction-sections -fdata-sections -Wall -fstack-usage -MMD -MP -MF"Core/Src/i2c-lcd.d" -MT"Core/Src/i2c-lcd.o" --specs=nano.specs -mfloat-abi=soft -mthumb -o "Core/Src/i2c-lcd.o"
arm-none-eabi-gcc -o "lcd16x2.elf" @"objects.list"   -mcpu=cortex-m3 -T"D:\OneDrive\FileBK_next\DoAn\Expansion_shield_STMNucleo\STM32\lcd16x2\STM32F103RBTX_FLASH.ld" --specs=nosys.specs -Wl,-Map="lcd16x2.map" -Wl,--gc-sections -static --specs=nano.specs -mfloat-abi=soft -mthumb -Wl,--start-group -lc -lm -Wl,--end-group
Finished building target: lcd16x2.elf
 
arm-none-eabi-size   lcd16x2.elf 
arm-none-eabi-objdump -h -S  lcd16x2.elf  > "lcd16x2.list"
   text	   data	    bss	    dec	    hex	filename
  11900	    120	   1744	  13764	   35c4	lcd16x2.elf
Finished building: default.size.stdout
 
Finished building: lcd16x2.list
 
12:14:07 **** Incremental Build of configuration Debug for project lcd16x2 ****
make -j12 all 
arm-none-eabi-size   lcd16x2.elf 
   text	   data	    bss	    dec	    hex	filename
  11900	    120	   1744	  13764	   35c4	lcd16x2.elf
Finished building: default.size.stdout
 
12:43:48 **** Incremental Build of configuration Debug for project lcd16x2 ****
make -j12 all 
arm-none-eabi-size   lcd16x2.elf 
   text	   data	    bss	    dec	    hex	filename
  11900	    120	   1744	  13764	   35c4	lcd16x2.elf
Finished building: default.size.stdout
 
12:50:58 **** Incremental Build of configuration Debug for project lcd16x2 ****
make -j12 all 
arm-none-eabi-size   lcd16x2.elf 
   text	   data	    bss	    dec	    hex	filename
  11900	    120	   1744	  13764	   35c4	lcd16x2.elf
Finished building: default.size.stdout
 
12:51:45 **** Incremental Build of configuration Debug for project lcd16x2 ****
make -j12 all 
arm-none-eabi-size   lcd16x2.elf 
   text	   data	    bss	    dec	    hex	filename
  11900	    120	   1744	  13764	   35c4	lcd16x2.elf
Finished building: default.size.stdout
 
12:52:17 **** Incremental Build of configuration Debug for project lcd16x2 ****
make -j12 all 
arm-none-eabi-size   lcd16x2.elf 
   text	   data	    bss	    dec	    hex	filename
  11900	    120	   1744	  13764	   35c4	lcd16x2.elf
Finished building: default.size.stdout
 
12:56:30 **** Incremental Build of configuration Debug for project lcd16x2 ****
make -j12 all 
arm-none-eabi-size   lcd16x2.elf 
   text	   data	    bss	    dec	    hex	filename
  11900	    120	   1744	  13764	   35c4	lcd16x2.elf
Finished building: default.size.stdout
 
13:20:56 **** Incremental Build of configuration Debug for project lcd16x2 ****
make -j12 all 
arm-none-eabi-size   lcd16x2.elf 
   text	   data	    bss	    dec	    hex	filename
  11900	    120	   1744	  13764	   35c4	lcd16x2.elf
Finished building: default.size.stdout
 
13:30:01 **** Incremental Build of configuration Debug for project lcd16x2 ****
make -j12 all 
arm-none-eabi-size   lcd16x2.elf 
   text	   data	    bss	    dec	    hex	filename
  11900	    120	   1744	  13764	   35c4	lcd16x2.elf
Finished building: default.size.stdout
 
13:32:40 **** Incremental Build of configuration Debug for project lcd16x2 ****
make -j12 all 
arm-none-eabi-size   lcd16x2.elf 
   text	   data	    bss	    dec	    hex	filename
  11900	    120	   1744	  13764	   35c4	lcd16x2.elf
Finished building: default.size.stdout
 
13:33:17 **** Incremental Build of configuration Debug for project lcd16x2 ****
make -j12 all 
arm-none-eabi-size   lcd16x2.elf 
   text	   data	    bss	    dec	    hex	filename
  11900	    120	   1744	  13764	   35c4	lcd16x2.elf
Finished building: default.size.stdout
 
13:33:35 **** Incremental Build of configuration Debug for project lcd16x2 ****
make -j12 all 
arm-none-eabi-size   lcd16x2.elf 
   text	   data	    bss	    dec	    hex	filename
  11900	    120	   1744	  13764	   35c4	lcd16x2.elf
Finished building: default.size.stdout
 
13:33:43 **** Incremental Build of configuration Debug for project lcd16x2 ****
make -j12 all 
arm-none-eabi-size   lcd16x2.elf 
   text	   data	    bss	    dec	    hex	filename
  11900	    120	   1744	  13764	   35c4	lcd16x2.elf
Finished building: default.size.stdout
 
13:34:38 **** Incremental Build of configuration Debug for project lcd16x2 ****
make -j12 all 
arm-none-eabi-size   lcd16x2.elf 
   text	   data	    bss	    dec	    hex	filename
  11900	    120	   1744	  13764	   35c4	lcd16x2.elf
Finished building: default.size.stdout
 
13:41:13 **** Incremental Build of configuration Debug for project lcd16x2 ****
make -j12 all 
arm-none-eabi-size   lcd16x2.elf 
   text	   data	    bss	    dec	    hex	filename
  11900	    120	   1744	  13764	   35c4	lcd16x2.elf
Finished building: default.size.stdout
 
13:54:06 **** Incremental Build of configuration Debug for project lcd16x2 ****
make -j12 all 
arm-none-eabi-size   lcd16x2.elf 
   text	   data	    bss	    dec	    hex	filename
  11900	    120	   1744	  13764	   35c4	lcd16x2.elf
Finished building: default.size.stdout
 
13:54:38 **** Incremental Build of configuration Debug for project lcd16x2 ****
make -j12 all 
arm-none-eabi-size   lcd16x2.elf 
   text	   data	    bss	    dec	    hex	filename
  11900	    120	   1744	  13764	   35c4	lcd16x2.elf
Finished building: default.size.stdout
 
13:55:04 **** Incremental Build of configuration Debug for project lcd16x2 ****
make -j12 all 
arm-none-eabi-size   lcd16x2.elf 
   text	   data	    bss	    dec	    hex	filename
  11900	    120	   1744	  13764	   35c4	lcd16x2.elf
Finished building: default.size.stdout
 
13:56:11 **** Incremental Build of configuration Debug for project lcd16x2 ****
make -j12 all 
arm-none-eabi-size   lcd16x2.elf 
   text	   data	    bss	    dec	    hex	filename
  11900	    120	   1744	  13764	   35c4	lcd16x2.elf
Finished building: default.size.stdout
 
13:57:23 **** Incremental Build of configuration Debug for project lcd16x2 ****
make -j12 all 
arm-none-eabi-size   lcd16x2.elf 
   text	   data	    bss	    dec	    hex	filename
  11900	    120	   1744	  13764	   35c4	lcd16x2.elf
Finished building: default.size.stdout
 
